Vivado Simulator v2022.2
Copyright 1986-1999, 2001-2022 Xilinx, Inc. All Rights Reserved.
Running: D:/Xilinx/Vivado/2022.2/bin/unwrapped/win64.o/xelab.exe --incr --debug typical --relax --mt 2 -L xil_defaultlib -L unisims_ver -L unimacro_ver -L secureip -L xpm --snapshot top_module_tb_behav xil_defaultlib.top_module_tb xil_defaultlib.glbl -log elaborate.log 
Using 2 slave threads.
Starting static elaboration
Pass Through NonSizing Optimizer
WARNING: [VRFC 10-3091] actual bit length 5 differs from formal bit length 32 for port 'a0' [C:/Users/HP/Desktop/top_module.v:191]
WARNING: [VRFC 10-3091] actual bit length 16 differs from formal bit length 32 for port 'a1' [C:/Users/HP/Desktop/top_module.v:192]
WARNING: [VRFC 10-3091] actual bit length 16 differs from formal bit length 32 for port 'a1' [C:/Users/HP/Desktop/top_module.v:193]
Completed static elaboration
Starting simulation data flow analysis
Completed simulation data flow analysis
Time Resolution for simulation is 1ps
Compiling module xil_defaultlib.mux2x1
Compiling module xil_defaultlib.mux4x1
Compiling module xil_defaultlib.mux8x1
Compiling module xil_defaultlib.adder
Compiling module xil_defaultlib.shift2
Compiling module xil_defaultlib.sign_extend
Compiling module xil_defaultlib.alu
Compiling module xil_defaultlib.register_file
Compiling module xil_defaultlib.dff
Compiling module xil_defaultlib.dff_e
Compiling module xil_defaultlib.datapath
Compiling module xil_defaultlib.top_module_tb
Compiling module xil_defaultlib.glbl
Built simulation snapshot top_module_tb_behav
